192.168.5.128 - - [14/Feb/2017:10:41:23 +0300] "GET /favicon.ico HTTP/1.1" 404 209 "http://192.168.1.57/" "Mozilla/5.0 (Windows NT 6.3; WOW64) AppleWebKit/537.36 (KHTML, like Gecko) Chrome/56.0.2924.87 Safari/537.36"
192.168.5.128 - - [14/Feb/2017:10:41:24 +0300] "GET /numbers HTTP/1.1" 200 8775 "http://192.168.1.57/" "Mozilla/5.0 (Windows NT 6.3; WOW64) AppleWebKit/537.36 (KHTML, like Gecko) Chrome/56.0.2924.87 Safari/537.36"
192.168.5.128 - - [14/Feb/2017:13:15:48 +0300] "GET / HTTP/1.1" 200 594 "-" "Mozilla/5.0 (Windows NT 6.3; WOW64) AppleWebKit/537.36 (KHTML, like Gecko) Chrome/56.0.2924.87 Safari/537.36"
192.168.5.128 - - [14/Feb/2017:13:15:52 +0300] "GET /favicon.ico HTTP/1.1" 404 209 "http://192.168.1.57/" "Mozilla/5.0 (Windows NT 6.3; WOW64) AppleWebKit/537.36 (KHTML, like Gecko) Chrome/56.0.2924.87 Safari/537.36"
192.168.5.128 - - [14/Feb/2017:13:15:53 +0300] "GET /numbers HTTP/1.1" 200 8775 "http://192.168.1.57/" "Mozilla/5.0 (Windows NT 6.3; WOW64) AppleWebKit/537.36 (KHTML, like Gecko) Chrome/56.0.2924.87 Safari/537.36"
192.168.5.128 - - [14/Feb/2017:13:53:56 +0300] "GET / HTTP/1.1" 200 594 "-" "Mozilla/5.0 (Windows NT 6.3; WOW64) AppleWebKit/537.36 (KHTML, like Gecko) Chrome/56.0.2924.87 Safari/537.36"
192.168.5.128 - - [14/Feb/2017:13:53:58 +0300] "GET /numbers HTTP/1.1" 200 8775 "http://192.168.1.57/" "Mozilla/5.0 (Windows NT 6.3; WOW64) AppleWebKit/537.36 (KHTML, like Gecko) Chrome/56.0.2924.87 Safari/537.36"
192.168.5.128 - - [14/Feb/2017:17:26:49 +0300] "GET / HTTP/1.1" 200 594 "-" "Mozilla/5.0 (Windows NT 6.3; WOW64) AppleWebKit/537.36 (KHTML, like Gecko) Chrome/56.0.2924.87 Safari/537.36"
192.168.5.128 - - [14/Feb/2017:17:26:54 +0300] "GET /favicon.ico HTTP/1.1" 404 209 "http://192.168.1.57/" "Mozilla/5.0 (Windows NT 6.3; WOW64) AppleWebKit/537.36 (KHTML, like Gecko) Chrome/56.0.2924.87 Safari/537.36"
192.168.5.128 - - [14/Feb/2017:17:27:01 +0300] "GET /administrator/index.php HTTP/1.1" 404 209 "-" "Mozilla/5.0 (Windows NT 6.3; WOW64) AppleWebKit/537.36 (KHTML, like Gecko) Chrome/56.0.2924.87 Safari/537.36"
192.168.5.128 - - [14/Feb/2017:17:27:07 +0300] "GET /admin HTTP/1.1" 404 209 "-" "Mozilla/5.0 (Windows NT 6.3; WOW64) AppleWebKit/537.36 (KHTML, like Gecko) Chrome/56.0.2924.87 Safari/537.36"
192.168.5.128 - - [14/Feb/2017:17:27:17 +0300] "GET /numbers HTTP/1.1" 200 8775 "http://192.168.1.57/" "Mozilla/5.0 (Windows NT 6.3; WOW64) AppleWebKit/537.36 (KHTML, like Gecko) Chrome/56.0.2924.87 Safari/537.36"
192.168.5.128 - - [14/Feb/2017:17:27:21 +0300] "GET /index HTTP/1.1" 200 594 "http://192.168.1.57/numbers" "Mozilla/5.0 (Windows NT 6.3; WOW64) AppleWebKit/537.36 (KHTML, like Gecko) Chrome/56.0.2924.87 Safari/537.36"
192.168.5.128 - - [14/Feb/2017:17:37:06 +0300] "GET /index HTTP/1.1" 200 594 "http://192.168.1.57/numbers" "Mozilla/5.0 (Windows NT 6.3; WOW64) AppleWebKit/537.36 (KHTML, like Gecko) Chrome/56.0.2924.87 Safari/537.36"
192.168.5.128 - - [14/Feb/2017:17:37:26 +0300] "GET /admin HTTP/1.1" 200 159 "-" "Mozilla/5.0 (Windows NT 6.3; WOW64) AppleWebKit/537.36 (KHTML, like Gecko) Chrome/56.0.2924.87 Safari/537.36"
192.168.5.128 - - [14/Feb/2017:17:37:53 +0300] "GET /admin HTTP/1.1" 200 159 "-" "Mozilla/5.0 (Windows NT 6.3; WOW64) AppleWebKit/537.36 (KHTML, like Gecko) Chrome/56.0.2924.87 Safari/537.36"
192.168.5.128 - - [14/Feb/2017:17:39:21 +0300] "GET /admin HTTP/1.1" 200 159 "-" "Mozilla/5.0 (Windows NT 6.3; WOW64) AppleWebKit/537.36 (KHTML, like Gecko) Chrome/56.0.2924.87 Safari/537.36"
192.168.5.128 - - [14/Feb/2017:17:39:22 +0300] "GET /admin HTTP/1.1" 200 159 "-" "Mozilla/5.0 (Windows NT 6.3; WOW64) AppleWebKit/537.36 (KHTML, like Gecko) Chrome/56.0.2924.87 Safari/537.36"
192.168.5.128 - - [14/Feb/2017:17:39:22 +0300] "GET /favicon.ico HTTP/1.1" 404 209 "http://192.168.1.57/admin" "Mozilla/5.0 (Windows NT 6.3; WOW64) AppleWebKit/537.36 (KHTML, like Gecko) Chrome/56.0.2924.87 Safari/537.36"
192.168.5.128 - - [14/Feb/2017:17:40:07 +0300] "GET /admin HTTP/1.1" 200 160 "-" "Mozilla/5.0 (Windows NT 6.3; WOW64) AppleWebKit/537.36 (KHTML, like Gecko) Chrome/56.0.2924.87 Safari/537.36"
192.168.5.128 - - [14/Feb/2017:17:40:07 +0300] "GET /favicon.ico HTTP/1.1" 404 209 "http://192.168.1.57/admin" "Mozilla/5.0 (Windows NT 6.3; WOW64) AppleWebKit/537.36 (KHTML, like Gecko) Chrome/56.0.2924.87 Safari/537.36"
192.168.5.128 - - [14/Feb/2017:17:40:19 +0300] "POST /login HTTP/1.1" 500 291 "http://192.168.1.57/admin" "Mozilla/5.0 (Windows NT 6.3; WOW64) AppleWebKit/537.36 (KHTML, like Gecko) Chrome/56.0.2924.87 Safari/537.36"
192.168.5.128 - - [14/Feb/2017:17:40:40 +0300] "GET /numbers HTTP/1.1" 200 8775 "http://192.168.1.57/index" "Mozilla/5.0 (Windows NT 6.3; WOW64) AppleWebKit/537.36 (KHTML, like Gecko) Chrome/56.0.2924.87 Safari/537.36"
192.168.5.128 - - [14/Feb/2017:17:45:11 +0300] "GET /index HTTP/1.1" 502 574 "http://192.168.1.57/numbers" "Mozilla/5.0 (Windows NT 6.3; WOW64) AppleWebKit/537.36 (KHTML, like Gecko) Chrome/56.0.2924.87 Safari/537.36"
192.168.5.128 - - [14/Feb/2017:17:45:11 +0300] "GET /favicon.ico HTTP/1.1" 502 574 "http://192.168.1.57/index" "Mozilla/5.0 (Windows NT 6.3; WOW64) AppleWebKit/537.36 (KHTML, like Gecko) Chrome/56.0.2924.87 Safari/537.36"
192.168.5.128 - - [14/Feb/2017:17:45:56 +0300] "GET /index HTTP/1.1" 200 594 "http://192.168.1.57/numbers" "Mozilla/5.0 (Windows NT 6.3; WOW64) AppleWebKit/537.36 (KHTML, like Gecko) Chrome/56.0.2924.87 Safari/537.36"
192.168.5.128 - - [14/Feb/2017:17:45:56 +0300] "GET /static/css/index.css HTTP/1.1" 200 4377 "http://192.168.1.57/index" "Mozilla/5.0 (Windows NT 6.3; WOW64) AppleWebKit/537.36 (KHTML, like Gecko) Chrome/56.0.2924.87 Safari/537.36"
192.168.5.128 - - [14/Feb/2017:17:45:57 +0300] "GET /static/img/logo.png HTTP/1.1" 200 642066 "http://192.168.1.57/index" "Mozilla/5.0 (Windows NT 6.3; WOW64) AppleWebKit/537.36 (KHTML, like Gecko) Chrome/56.0.2924.87 Safari/537.36"
192.168.5.128 - - [14/Feb/2017:17:45:57 +0300] "GET /favicon.ico HTTP/1.1" 404 209 "http://192.168.1.57/index" "Mozilla/5.0 (Windows NT 6.3; WOW64) AppleWebKit/537.36 (KHTML, like Gecko) Chrome/56.0.2924.87 Safari/537.36"
192.168.5.128 - - [14/Feb/2017:17:46:02 +0300] "GET /admin HTTP/1.1" 200 160 "-" "Mozilla/5.0 (Windows NT 6.3; WOW64) AppleWebKit/537.36 (KHTML, like Gecko) Chrome/56.0.2924.87 Safari/537.36"
192.168.5.128 - - [14/Feb/2017:17:46:13 +0300] "POST /login HTTP/1.1" 500 291 "http://192.168.1.57/admin" "Mozilla/5.0 (Windows NT 6.3; WOW64) AppleWebKit/537.36 (KHTML, like Gecko) Chrome/56.0.2924.87 Safari/537.36"
192.168.5.128 - - [14/Feb/2017:17:48:18 +0300] "GET /admin HTTP/1.1" 200 160 "-" "Mozilla/5.0 (Windows NT 6.3; WOW64) AppleWebKit/537.36 (KHTML, like Gecko) Chrome/56.0.2924.87 Safari/537.36"
192.168.5.128 - - [14/Feb/2017:17:48:18 +0300] "GET /favicon.ico HTTP/1.1" 404 209 "http://192.168.1.57/admin" "Mozilla/5.0 (Windows NT 6.3; WOW64) AppleWebKit/537.36 (KHTML, like Gecko) Chrome/56.0.2924.87 Safari/537.36"
192.168.5.128 - - [14/Feb/2017:17:48:23 +0300] "POST /login HTTP/1.1" 500 291 "http://192.168.1.57/admin" "Mozilla/5.0 (Windows NT 6.3; WOW64) AppleWebKit/537.36 (KHTML, like Gecko) Chrome/56.0.2924.87 Safari/537.36"
192.168.5.128 - - [14/Feb/2017:17:48:38 +0300] "POST /login HTTP/1.1" 500 291 "http://192.168.1.57/admin" "Mozilla/5.0 (Windows NT 6.3; WOW64) AppleWebKit/537.36 (KHTML, like Gecko) Chrome/56.0.2924.87 Safari/537.36"
192.168.5.128 - - [14/Feb/2017:17:49:20 +0300] "GET /login HTTP/1.1" 405 178 "-" "Mozilla/5.0 (Windows NT 6.3; WOW64) AppleWebKit/537.36 (KHTML, like Gecko) Chrome/56.0.2924.87 Safari/537.36"
64.79.100.22 - - [14/Feb/2017:19:24:00 +0300] "GET /robots.txt HTTP/1.1" 404 209 "http://www.xn--80aehba2avhs.xn--p1acf/robots.txt" "Mozilla/5.0 (Windows NT 6.1; WOW64) AppleWebKit/537.36 (KHTML, like Gecko) Chrome/39.0.2171.95 Safari/537.36"
64.79.100.22 - - [14/Feb/2017:19:24:00 +0300] "GET / HTTP/1.1" 200 593 "http://www.xn--80aehba2avhs.xn--p1acf" "Mozilla/5.0 (Windows NT 6.1; WOW64) AppleWebKit/537.36 (KHTML, like Gecko) Chrome/39.0.2171.95 Safari/537.36"
64.79.100.22 - - [14/Feb/2017:19:24:00 +0300] "GET / HTTP/1.1" 200 593 "-" "Mozilla"
64.79.100.22 - - [14/Feb/2017:19:24:01 +0300] "GET /index HTTP/1.1" 200 593 "http://www.xn--80aehba2avhs.xn--p1acf/index" "Mozilla/5.0 (Windows NT 6.1; WOW64) AppleWebKit/537.36 (KHTML, like Gecko) Chrome/39.0.2171.95 Safari/537.36"
64.79.100.22 - - [14/Feb/2017:19:24:02 +0300] "GET /index HTTP/1.1" 200 593 "-" "Mozilla"
64.79.100.22 - - [14/Feb/2017:19:24:02 +0300] "GET /numbers HTTP/1.1" 200 232 "http://www.xn--80aehba2avhs.xn--p1acf/numbers" "Mozilla/5.0 (Windows NT 6.1; WOW64) AppleWebKit/537.36 (KHTML, like Gecko) Chrome/39.0.2171.95 Safari/537.36"
64.79.100.22 - - [14/Feb/2017:19:24:02 +0300] "GET /numbers HTTP/1.1" 200 232 "-" "Mozilla"
108.91.188.210 - - [14/Feb/2017:20:06:44 +0300] "POST / HTTP/1.1" 405 178 "-" "Mozilla/5.0 (Windows NT 10.0; WOW64; Trident/7.0; LCTE; rv:11.0) like Gecko"
108.91.188.210 - - [14/Feb/2017:20:08:45 +0300] "POST / HTTP/1.1" 405 178 "-" "Mozilla/5.0 (Windows NT 10.0; WOW64; Trident/7.0; LCTE; rv:11.0) like Gecko"
108.91.188.210 - - [14/Feb/2017:20:10:45 +0300] "POST / HTTP/1.1" 405 178 "-" "Mozilla/5.0 (Windows NT 10.0; WOW64; Trident/7.0; LCTE; rv:11.0) like Gecko"
108.91.188.210 - - [14/Feb/2017:20:12:45 +0300] "POST / HTTP/1.1" 405 178 "-" "Mozilla/5.0 (Windows NT 10.0; WOW64; Trident/7.0; LCTE; rv:11.0) like Gecko"
108.91.188.210 - - [14/Feb/2017:20:14:46 +0300] "POST / HTTP/1.1" 405 178 "-" "Mozilla/5.0 (Windows NT 10.0; WOW64; Trident/7.0; LCTE; rv:11.0) like Gecko"
108.91.188.210 - - [14/Feb/2017:20:16:46 +0300] "POST / HTTP/1.1" 405 178 "-" "Mozilla/5.0 (Windows NT 10.0; WOW64; Trident/7.0; LCTE; rv:11.0) like Gecko"
108.91.188.210 - - [14/Feb/2017:20:18:47 +0300] "POST / HTTP/1.1" 405 178 "-" "Mozilla/5.0 (Windows NT 10.0; WOW64; Trident/7.0; LCTE; rv:11.0) like Gecko"
108.91.188.210 - - [14/Feb/2017:20:20:47 +0300] "POST / HTTP/1.1" 405 178 "-" "Mozilla/5.0 (Windows NT 10.0; WOW64; Trident/7.0; LCTE; rv:11.0) like Gecko"
108.91.188.210 - - [14/Feb/2017:20:22:47 +0300] "POST / HTTP/1.1" 405 178 "-" "Mozilla/5.0 (Windows NT 10.0; WOW64; Trident/7.0; LCTE; rv:11.0) like Gecko"
108.91.188.210 - - [14/Feb/2017:20:24:48 +0300] "POST / HTTP/1.1" 405 178 "-" "Mozilla/5.0 (Windows NT 10.0; WOW64; Trident/7.0; LCTE; rv:11.0) like Gecko"
108.91.188.210 - - [14/Feb/2017:20:26:48 +0300] "POST / HTTP/1.1" 405 178 "-" "Mozilla/5.0 (Windows NT 10.0; WOW64; Trident/7.0; LCTE; rv:11.0) like Gecko"
108.91.188.210 - - [14/Feb/2017:20:28:50 +0300] "POST / HTTP/1.1" 405 178 "-" "Mozilla/5.0 (Windows NT 10.0; WOW64; Trident/7.0; LCTE; rv:11.0) like Gecko"
108.91.188.210 - - [14/Feb/2017:20:30:50 +0300] "POST / HTTP/1.1" 405 178 "-" "Mozilla/5.0 (Windows NT 10.0; WOW64; Trident/7.0; LCTE; rv:11.0) like Gecko"
66.102.9.132 - - [14/Feb/2017:20:31:36 +0300] "GET / HTTP/1.1" 200 593 "-" "Mozilla/5.0 (X11; Linux x86_64) AppleWebKit/537.36 (KHTML, like Gecko) Chrome/49.0.2623.75 Safari/537.36 Google Favicon"
66.102.9.155 - - [14/Feb/2017:20:31:36 +0300] "GET / HTTP/1.1" 200 593 "-" "Mozilla/5.0 (X11; Linux x86_64) AppleWebKit/537.36 (KHTML, like Gecko) Chrome/49.0.2623.75 Safari/537.36 Google Favicon"
66.102.9.155 - - [14/Feb/2017:20:31:36 +0300] "GET /favicon.ico HTTP/1.1" 404 209 "-" "Mozilla/5.0 (X11; Linux x86_64) AppleWebKit/537.36 (KHTML, like Gecko) Chrome/49.0.2623.75 Safari/537.36 Google Favicon"
66.102.9.159 - - [14/Feb/2017:20:31:36 +0300] "GET /favicon.ico HTTP/1.1" 404 209 "-" "Mozilla/5.0 (X11; Linux x86_64) AppleWebKit/537.36 (KHTML, like Gecko) Chrome/49.0.2623.75 Safari/537.36 Google Favicon"
95.221.207.34 - - [14/Feb/2017:20:31:42 +0300] "GET / HTTP/1.1" 200 592 "-" "Mozilla/5.0 (Windows NT 10.0; WOW64) AppleWebKit/537.36 (KHTML, like Gecko) Chrome/58.0.3004.3 Safari/537.36"
95.221.207.34 - - [14/Feb/2017:20:31:42 +0300] "GET /static/css/index.css HTTP/1.1" 200 4377 "http://xn--80aehba2avhs.xn--p1acf/" "Mozilla/5.0 (Windows NT 10.0; WOW64) AppleWebKit/537.36 (KHTML, like Gecko) Chrome/58.0.3004.3 Safari/537.36"
95.221.207.34 - - [14/Feb/2017:20:31:42 +0300] "GET /static/img/logo.png HTTP/1.1" 200 642066 "http://xn--80aehba2avhs.xn--p1acf/" "Mozilla/5.0 (Windows NT 10.0; WOW64) AppleWebKit/537.36 (KHTML, like Gecko) Chrome/58.0.3004.3 Safari/537.36"
95.221.207.34 - - [14/Feb/2017:20:31:42 +0300] "GET /favicon.ico HTTP/1.1" 404 209 "http://xn--80aehba2avhs.xn--p1acf/" "Mozilla/5.0 (Windows NT 10.0; WOW64) AppleWebKit/537.36 (KHTML, like Gecko) Chrome/58.0.3004.3 Safari/537.36"
95.221.207.34 - - [14/Feb/2017:20:31:44 +0300] "GET /numbers HTTP/1.1" 200 8775 "http://xn--80aehba2avhs.xn--p1acf/" "Mozilla/5.0 (Windows NT 10.0; WOW64) AppleWebKit/537.36 (KHTML, like Gecko) Chrome/58.0.3004.3 Safari/537.36"
95.221.207.34 - - [14/Feb/2017:20:31:44 +0300] "GET /static/css/enums.css HTTP/1.1" 200 1298 "http://xn--80aehba2avhs.xn--p1acf/numbers" "Mozilla/5.0 (Windows NT 10.0; WOW64) AppleWebKit/537.36 (KHTML, like Gecko) Chrome/58.0.3004.3 Safari/537.36"
95.221.207.34 - - [14/Feb/2017:20:31:47 +0300] "GET /index HTTP/1.1" 200 592 "http://xn--80aehba2avhs.xn--p1acf/numbers" "Mozilla/5.0 (Windows NT 10.0; WOW64) AppleWebKit/537.36 (KHTML, like Gecko) Chrome/58.0.3004.3 Safari/537.36"
95.221.207.34 - - [14/Feb/2017:20:31:53 +0300] "GET /admin HTTP/1.1" 200 160 "-" "Mozilla/5.0 (Windows NT 10.0; WOW64) AppleWebKit/537.36 (KHTML, like Gecko) Chrome/58.0.3004.3 Safari/537.36"
95.221.207.34 - - [14/Feb/2017:20:32:02 +0300] "POST /login HTTP/1.1" 500 291 "http://xn--80aehba2avhs.xn--p1acf/admin" "Mozilla/5.0 (Windows NT 10.0; WOW64) AppleWebKit/537.36 (KHTML, like Gecko) Chrome/58.0.3004.3 Safari/537.36"
108.91.188.210 - - [14/Feb/2017:20:32:51 +0300] "POST / HTTP/1.1" 405 178 "-" "Mozilla/5.0 (Windows NT 10.0; WOW64; Trident/7.0; LCTE; rv:11.0) like Gecko"
108.91.188.210 - - [14/Feb/2017:20:34:51 +0300] "POST / HTTP/1.1" 405 178 "-" "Mozilla/5.0 (Windows NT 10.0; WOW64; Trident/7.0; LCTE; rv:11.0) like Gecko"
108.91.188.210 - - [14/Feb/2017:20:36:52 +0300] "POST / HTTP/1.1" 405 178 "-" "Mozilla/5.0 (Windows NT 10.0; WOW64; Trident/7.0; LCTE; rv:11.0) like Gecko"
95.221.207.34 - - [14/Feb/2017:20:37:39 +0300] "GET /admin HTTP/1.1" 200 160 "-" "Mozilla/5.0 (Windows NT 10.0; WOW64) AppleWebKit/537.36 (KHTML, like Gecko) Chrome/58.0.3004.3 Safari/537.36"
95.221.207.34 - - [14/Feb/2017:20:37:39 +0300] "GET /favicon.ico HTTP/1.1" 404 209 "http://xn--80aehba2avhs.xn--p1acf/admin" "Mozilla/5.0 (Windows NT 10.0; WOW64) AppleWebKit/537.36 (KHTML, like Gecko) Chrome/58.0.3004.3 Safari/537.36"
95.221.207.34 - - [14/Feb/2017:20:37:50 +0300] "POST /login HTTP/1.1" 500 291 "http://xn--80aehba2avhs.xn--p1acf/admin" "Mozilla/5.0 (Windows NT 10.0; WOW64) AppleWebKit/537.36 (KHTML, like Gecko) Chrome/58.0.3004.3 Safari/537.36"
95.221.207.34 - - [14/Feb/2017:20:37:55 +0300] "POST /login HTTP/1.1" 500 291 "http://xn--80aehba2avhs.xn--p1acf/admin" "Mozilla/5.0 (Windows NT 10.0; WOW64) AppleWebKit/537.36 (KHTML, like Gecko) Chrome/58.0.3004.3 Safari/537.36"
95.221.207.34 - - [14/Feb/2017:20:38:49 +0300] "GET /admin HTTP/1.1" 200 160 "-" "Mozilla/5.0 (Windows NT 10.0; WOW64) AppleWebKit/537.36 (KHTML, like Gecko) Chrome/58.0.3004.3 Safari/537.36"
95.221.207.34 - - [14/Feb/2017:20:38:49 +0300] "GET /favicon.ico HTTP/1.1" 404 209 "http://xn--80aehba2avhs.xn--p1acf/admin" "Mozilla/5.0 (Windows NT 10.0; WOW64) AppleWebKit/537.36 (KHTML, like Gecko) Chrome/58.0.3004.3 Safari/537.36"
108.91.188.210 - - [14/Feb/2017:20:38:52 +0300] "POST / HTTP/1.1" 405 178 "-" "Mozilla/5.0 (Windows NT 10.0; WOW64; Trident/7.0; LCTE; rv:11.0) like Gecko"
95.221.207.34 - - [14/Feb/2017:20:38:57 +0300] "POST /login HTTP/1.1" 500 291 "http://xn--80aehba2avhs.xn--p1acf/admin" "Mozilla/5.0 (Windows NT 10.0; WOW64) AppleWebKit/537.36 (KHTML, like Gecko) Chrome/58.0.3004.3 Safari/537.36"
108.91.188.210 - - [14/Feb/2017:20:40:52 +0300] "POST / HTTP/1.1" 405 178 "-" "Mozilla/5.0 (Windows NT 10.0; WOW64; Trident/7.0; LCTE; rv:11.0) like Gecko"
108.91.188.210 - - [14/Feb/2017:20:42:53 +0300] "POST / HTTP/1.1" 405 178 "-" "Mozilla/5.0 (Windows NT 10.0; WOW64; Trident/7.0; LCTE; rv:11.0) like Gecko"
108.91.188.210 - - [14/Feb/2017:20:44:53 +0300] "POST / HTTP/1.1" 405 178 "-" "Mozilla/5.0 (Windows NT 10.0; WOW64; Trident/7.0; LCTE; rv:11.0) like Gecko"
95.221.207.34 - - [14/Feb/2017:20:46:10 +0300] "POST /login HTTP/1.1" 500 291 "http://xn--80aehba2avhs.xn--p1acf/admin" "Mozilla/5.0 (Windows NT 10.0; WOW64) AppleWebKit/537.36 (KHTML, like Gecko) Chrome/58.0.3004.3 Safari/537.36"
95.221.207.34 - - [14/Feb/2017:20:46:16 +0300] "POST /login HTTP/1.1" 500 291 "http://xn--80aehba2avhs.xn--p1acf/admin" "Mozilla/5.0 (Windows NT 10.0; WOW64) AppleWebKit/537.36 (KHTML, like Gecko) Chrome/58.0.3004.3 Safari/537.36"
108.91.188.210 - - [14/Feb/2017:20:46:54 +0300] "POST / HTTP/1.1" 405 178 "-" "Mozilla/5.0 (Windows NT 10.0; WOW64; Trident/7.0; LCTE; rv:11.0) like Gecko"
95.221.207.34 - - [14/Feb/2017:20:47:03 +0300] "GET /admin HTTP/1.1" 200 160 "-" "Mozilla/5.0 (Windows NT 10.0; WOW64) AppleWebKit/537.36 (KHTML, like Gecko) Chrome/58.0.3004.3 Safari/537.36"
95.221.207.34 - - [14/Feb/2017:20:47:03 +0300] "GET /favicon.ico HTTP/1.1" 404 209 "http://xn--80aehba2avhs.xn--p1acf/admin" "Mozilla/5.0 (Windows NT 10.0; WOW64) AppleWebKit/537.36 (KHTML, like Gecko) Chrome/58.0.3004.3 Safari/537.36"
95.221.207.34 - - [14/Feb/2017:20:47:07 +0300] "POST /login HTTP/1.1" 500 291 "http://xn--80aehba2avhs.xn--p1acf/admin" "Mozilla/5.0 (Windows NT 10.0; WOW64) AppleWebKit/537.36 (KHTML, like Gecko) Chrome/58.0.3004.3 Safari/537.36"
95.221.207.34 - - [14/Feb/2017:20:47:21 +0300] "POST /login HTTP/1.1" 500 291 "http://xn--80aehba2avhs.xn--p1acf/admin" "Mozilla/5.0 (Windows NT 10.0; WOW64) AppleWebKit/537.36 (KHTML, like Gecko) Chrome/58.0.3004.3 Safari/537.36"
108.91.188.210 - - [14/Feb/2017:20:48:54 +0300] "POST / HTTP/1.1" 502 172 "-" "Mozilla/5.0 (Windows NT 10.0; WOW64; Trident/7.0; LCTE; rv:11.0) like Gecko"
108.91.188.210 - - [14/Feb/2017:20:50:54 +0300] "POST / HTTP/1.1" 405 178 "-" "Mozilla/5.0 (Windows NT 10.0; WOW64; Trident/7.0; LCTE; rv:11.0) like Gecko"
108.91.188.210 - - [14/Feb/2017:20:52:55 +0300] "POST / HTTP/1.1" 405 178 "-" "Mozilla/5.0 (Windows NT 10.0; WOW64; Trident/7.0; LCTE; rv:11.0) like Gecko"
108.91.188.210 - - [14/Feb/2017:20:54:55 +0300] "POST / HTTP/1.1" 405 178 "-" "Mozilla/5.0 (Windows NT 10.0; WOW64; Trident/7.0; LCTE; rv:11.0) like Gecko"
108.91.188.210 - - [14/Feb/2017:20:56:56 +0300] "POST / HTTP/1.1" 405 178 "-" "Mozilla/5.0 (Windows NT 10.0; WOW64; Trident/7.0; LCTE; rv:11.0) like Gecko"
108.91.188.210 - - [14/Feb/2017:20:58:56 +0300] "POST / HTTP/1.1" 405 178 "-" "Mozilla/5.0 (Windows NT 10.0; WOW64; Trident/7.0; LCTE; rv:11.0) like Gecko"
108.91.188.210 - - [14/Feb/2017:21:00:56 +0300] "POST / HTTP/1.1" 405 178 "-" "Mozilla/5.0 (Windows NT 10.0; WOW64; Trident/7.0; LCTE; rv:11.0) like Gecko"
108.91.188.210 - - [14/Feb/2017:21:02:57 +0300] "POST / HTTP/1.1" 405 178 "-" "Mozilla/5.0 (Windows NT 10.0; WOW64; Trident/7.0; LCTE; rv:11.0) like Gecko"
108.91.188.210 - - [14/Feb/2017:21:04:57 +0300] "POST / HTTP/1.1" 405 178 "-" "Mozilla/5.0 (Windows NT 10.0; WOW64; Trident/7.0; LCTE; rv:11.0) like Gecko"
108.91.188.210 - - [14/Feb/2017:21:06:58 +0300] "POST / HTTP/1.1" 405 178 "-" "Mozilla/5.0 (Windows NT 10.0; WOW64; Trident/7.0; LCTE; rv:11.0) like Gecko"
108.91.188.210 - - [14/Feb/2017:21:08:58 +0300] "POST / HTTP/1.1" 405 178 "-" "Mozilla/5.0 (Windows NT 10.0; WOW64; Trident/7.0; LCTE; rv:11.0) like Gecko"
108.91.188.210 - - [14/Feb/2017:21:10:59 +0300] "POST / HTTP/1.1" 405 178 "-" "Mozilla/5.0 (Windows NT 10.0; WOW64; Trident/7.0; LCTE; rv:11.0) like Gecko"
108.91.188.210 - - [14/Feb/2017:21:12:59 +0300] "POST / HTTP/1.1" 405 178 "-" "Mozilla/5.0 (Windows NT 10.0; WOW64; Trident/7.0; LCTE; rv:11.0) like Gecko"
108.91.188.210 - - [14/Feb/2017:21:14:59 +0300] "POST / HTTP/1.1" 405 178 "-" "Mozilla/5.0 (Windows NT 10.0; WOW64; Trident/7.0; LCTE; rv:11.0) like Gecko"
108.91.188.210 - - [14/Feb/2017:21:17:00 +0300] "POST / HTTP/1.1" 405 178 "-" "Mozilla/5.0 (Windows NT 10.0; WOW64; Trident/7.0; LCTE; rv:11.0) like Gecko"
108.91.188.210 - - [14/Feb/2017:21:19:01 +0300] "POST / HTTP/1.1" 405 178 "-" "Mozilla/5.0 (Windows NT 10.0; WOW64; Trident/7.0; LCTE; rv:11.0) like Gecko"
95.221.207.34 - - [14/Feb/2017:21:20:25 +0300] "POST /login HTTP/1.1" 500 291 "http://xn--80aehba2avhs.xn--p1acf/admin" "Mozilla/5.0 (Windows NT 10.0; WOW64) AppleWebKit/537.36 (KHTML, like Gecko) Chrome/58.0.3004.3 Safari/537.36"
108.91.188.210 - - [14/Feb/2017:21:21:01 +0300] "POST / HTTP/1.1" 405 178 "-" "Mozilla/5.0 (Windows NT 10.0; WOW64; Trident/7.0; LCTE; rv:11.0) like Gecko"
108.91.188.210 - - [14/Feb/2017:21:23:01 +0300] "POST / HTTP/1.1" 405 178 "-" "Mozilla/5.0 (Windows NT 10.0; WOW64; Trident/7.0; LCTE; rv:11.0) like Gecko"
108.91.188.210 - - [14/Feb/2017:21:25:03 +0300] "POST / HTTP/1.1" 405 178 "-" "Mozilla/5.0 (Windows NT 10.0; WOW64; Trident/7.0; LCTE; rv:11.0) like Gecko"
95.221.207.34 - - [14/Feb/2017:21:25:07 +0300] "GET /admin HTTP/1.1" 200 160 "-" "Mozilla/5.0 (Windows NT 10.0; WOW64) AppleWebKit/537.36 (KHTML, like Gecko) Chrome/58.0.3004.3 Safari/537.36"
95.221.207.34 - - [14/Feb/2017:21:25:08 +0300] "GET /favicon.ico HTTP/1.1" 404 209 "http://xn--80aehba2avhs.xn--p1acf/admin" "Mozilla/5.0 (Windows NT 10.0; WOW64) AppleWebKit/537.36 (KHTML, like Gecko) Chrome/58.0.3004.3 Safari/537.36"
95.221.207.34 - - [14/Feb/2017:21:25:18 +0300] "POST /login HTTP/1.1" 500 291 "http://xn--80aehba2avhs.xn--p1acf/admin" "Mozilla/5.0 (Windows NT 10.0; WOW64) AppleWebKit/537.36 (KHTML, like Gecko) Chrome/58.0.3004.3 Safari/537.36"
108.91.188.210 - - [14/Feb/2017:21:27:03 +0300] "POST / HTTP/1.1" 405 178 "-" "Mozilla/5.0 (Windows NT 10.0; WOW64; Trident/7.0; LCTE; rv:11.0) like Gecko"
108.91.188.210 - - [14/Feb/2017:21:29:04 +0300] "POST / HTTP/1.1" 502 172 "-" "Mozilla/5.0 (Windows NT 10.0; WOW64; Trident/7.0; LCTE; rv:11.0) like Gecko"
95.221.207.34 - - [14/Feb/2017:21:29:15 +0300] "POST /login HTTP/1.1" 500 291 "http://xn--80aehba2avhs.xn--p1acf/admin" "Mozilla/5.0 (Windows NT 10.0; WOW64) AppleWebKit/537.36 (KHTML, like Gecko) Chrome/58.0.3004.3 Safari/537.36"
108.91.188.210 - - [14/Feb/2017:21:31:04 +0300] "POST / HTTP/1.1" 405 178 "-" "Mozilla/5.0 (Windows NT 10.0; WOW64; Trident/7.0; LCTE; rv:11.0) like Gecko"
108.91.188.210 - - [14/Feb/2017:21:33:05 +0300] "POST / HTTP/1.1" 405 178 "-" "Mozilla/5.0 (Windows NT 10.0; WOW64; Trident/7.0; LCTE; rv:11.0) like Gecko"
108.91.188.210 - - [14/Feb/2017:21:35:05 +0300] "POST / HTTP/1.1" 405 178 "-" "Mozilla/5.0 (Windows NT 10.0; WOW64; Trident/7.0; LCTE; rv:11.0) like Gecko"
108.91.188.210 - - [14/Feb/2017:21:37:06 +0300] "POST / HTTP/1.1" 405 178 "-" "Mozilla/5.0 (Windows NT 10.0; WOW64; Trident/7.0; LCTE; rv:11.0) like Gecko"
108.91.188.210 - - [14/Feb/2017:21:39:38 +0300] "POST / HTTP/1.1" 499 0 "-" "Mozilla/5.0 (Windows NT 10.0; WOW64; Trident/7.0; LCTE; rv:11.0) like Gecko"
108.91.188.210 - - [14/Feb/2017:21:42:10 +0300] "POST / HTTP/1.1" 499 0 "-" "Mozilla/5.0 (Windows NT 10.0; WOW64; Trident/7.0; LCTE; rv:11.0) like Gecko"
95.221.207.34 - - [14/Feb/2017:21:42:48 +0300] "GET /admin HTTP/1.1" 499 0 "-" "Mozilla/5.0 (Windows NT 10.0; WOW64) AppleWebKit/537.36 (KHTML, like Gecko) Chrome/58.0.3004.3 Safari/537.36"
95.221.207.34 - - [14/Feb/2017:21:43:51 +0300] "GET /numbers HTTP/1.1" 504 584 "http://xn--80aehba2avhs.xn--p1acf/index" "Mozilla/5.0 (Windows NT 10.0; WOW64) AppleWebKit/537.36 (KHTML, like Gecko) Chrome/58.0.3004.3 Safari/537.36"
108.91.188.210 - - [14/Feb/2017:21:44:43 +0300] "POST / HTTP/1.1" 499 0 "-" "Mozilla/5.0 (Windows NT 10.0; WOW64; Trident/7.0; LCTE; rv:11.0) like Gecko"
108.91.188.210 - - [14/Feb/2017:21:46:42 +0300] "POST / HTTP/1.1" 405 178 "-" "Mozilla/5.0 (Windows NT 10.0; WOW64; Trident/7.0; LCTE; rv:11.0) like Gecko"
95.221.207.34 - - [14/Feb/2017:21:48:07 +0300] "GET /numbers HTTP/1.1" 200 8775 "-" "Mozilla/5.0 (Windows NT 10.0; WOW64) AppleWebKit/537.36 (KHTML, like Gecko) Chrome/58.0.3004.3 Safari/537.36"
95.221.207.34 - - [14/Feb/2017:21:48:11 +0300] "GET /index HTTP/1.1" 200 592 "http://xn--80aehba2avhs.xn--p1acf/numbers" "Mozilla/5.0 (Windows NT 10.0; WOW64) AppleWebKit/537.36 (KHTML, like Gecko) Chrome/58.0.3004.3 Safari/537.36"
95.221.207.34 - - [14/Feb/2017:21:48:18 +0300] "GET /admin HTTP/1.1" 200 160 "-" "Mozilla/5.0 (Windows NT 10.0; WOW64) AppleWebKit/537.36 (KHTML, like Gecko) Chrome/58.0.3004.3 Safari/537.36"
95.221.207.34 - - [14/Feb/2017:21:48:22 +0300] "POST /login HTTP/1.1" 500 291 "http://xn--80aehba2avhs.xn--p1acf/admin" "Mozilla/5.0 (Windows NT 10.0; WOW64) AppleWebKit/537.36 (KHTML, like Gecko) Chrome/58.0.3004.3 Safari/537.36"
108.91.188.210 - - [14/Feb/2017:21:48:43 +0300] "POST / HTTP/1.1" 405 178 "-" "Mozilla/5.0 (Windows NT 10.0; WOW64; Trident/7.0; LCTE; rv:11.0) like Gecko"
108.91.188.210 - - [14/Feb/2017:21:50:43 +0300] "POST / HTTP/1.1" 405 178 "-" "Mozilla/5.0 (Windows NT 10.0; WOW64; Trident/7.0; LCTE; rv:11.0) like Gecko"
108.91.188.210 - - [14/Feb/2017:21:52:44 +0300] "POST / HTTP/1.1" 405 178 "-" "Mozilla/5.0 (Windows NT 10.0; WOW64; Trident/7.0; LCTE; rv:11.0) like Gecko"
95.221.207.34 - - [14/Feb/2017:21:54:25 +0300] "GET /admin HTTP/1.1" 200 160 "-" "Mozilla/5.0 (Windows NT 10.0; WOW64) AppleWebKit/537.36 (KHTML, like Gecko) Chrome/58.0.3004.3 Safari/537.36"
95.221.207.34 - - [14/Feb/2017:21:54:25 +0300] "GET /favicon.ico HTTP/1.1" 404 209 "http://xn--80aehba2avhs.xn--p1acf/admin" "Mozilla/5.0 (Windows NT 10.0; WOW64) AppleWebKit/537.36 (KHTML, like Gecko) Chrome/58.0.3004.3 Safari/537.36"
95.221.207.34 - - [14/Feb/2017:21:54:30 +0300] "POST /login HTTP/1.1" 500 291 "http://xn--80aehba2avhs.xn--p1acf/admin" "Mozilla/5.0 (Windows NT 10.0; WOW64) AppleWebKit/537.36 (KHTML, like Gecko) Chrome/58.0.3004.3 Safari/537.36"
108.91.188.210 - - [14/Feb/2017:21:54:44 +0300] "POST / HTTP/1.1" 405 178 "-" "Mozilla/5.0 (Windows NT 10.0; WOW64; Trident/7.0; LCTE; rv:11.0) like Gecko"
108.91.188.210 - - [14/Feb/2017:21:56:45 +0300] "POST / HTTP/1.1" 502 172 "-" "Mozilla/5.0 (Windows NT 10.0; WOW64; Trident/7.0; LCTE; rv:11.0) like Gecko"
95.221.207.34 - - [14/Feb/2017:21:57:22 +0300] "GET /admin HTTP/1.1" 200 160 "-" "Mozilla/5.0 (Windows NT 10.0; WOW64) AppleWebKit/537.36 (KHTML, like Gecko) Chrome/58.0.3004.3 Safari/537.36"
95.221.207.34 - - [14/Feb/2017:21:57:22 +0300] "GET /favicon.ico HTTP/1.1" 404 209 "http://xn--80aehba2avhs.xn--p1acf/admin" "Mozilla/5.0 (Windows NT 10.0; WOW64) AppleWebKit/537.36 (KHTML, like Gecko) Chrome/58.0.3004.3 Safari/537.36"
95.221.207.34 - - [14/Feb/2017:21:57:26 +0300] "POST /login HTTP/1.1" 200 160 "http://xn--80aehba2avhs.xn--p1acf/admin" "Mozilla/5.0 (Windows NT 10.0; WOW64) AppleWebKit/537.36 (KHTML, like Gecko) Chrome/58.0.3004.3 Safari/537.36"
95.221.207.34 - - [14/Feb/2017:21:57:35 +0300] "POST /login HTTP/1.1" 200 160 "http://xn--80aehba2avhs.xn--p1acf/login" "Mozilla/5.0 (Windows NT 10.0; WOW64) AppleWebKit/537.36 (KHTML, like Gecko) Chrome/58.0.3004.3 Safari/537.36"
95.221.207.34 - - [14/Feb/2017:21:57:43 +0300] "POST /login HTTP/1.1" 200 160 "http://xn--80aehba2avhs.xn--p1acf/login" "Mozilla/5.0 (Windows NT 10.0; WOW64) AppleWebKit/537.36 (KHTML, like Gecko) Chrome/58.0.3004.3 Safari/537.36"
95.221.207.34 - - [14/Feb/2017:21:57:54 +0300] "POST /login HTTP/1.1" 200 232 "http://xn--80aehba2avhs.xn--p1acf/login" "Mozilla/5.0 (Windows NT 10.0; WOW64) AppleWebKit/537.36 (KHTML, like Gecko) Chrome/58.0.3004.3 Safari/537.36"
95.221.207.34 - - [14/Feb/2017:21:58:01 +0300] "GET /index HTTP/1.1" 200 592 "http://xn--80aehba2avhs.xn--p1acf/login" "Mozilla/5.0 (Windows NT 10.0; WOW64) AppleWebKit/537.36 (KHTML, like Gecko) Chrome/58.0.3004.3 Safari/537.36"
108.91.188.210 - - [14/Feb/2017:21:58:45 +0300] "POST / HTTP/1.1" 502 172 "-" "Mozilla/5.0 (Windows NT 10.0; WOW64; Trident/7.0; LCTE; rv:11.0) like Gecko"
108.91.188.210 - - [14/Feb/2017:22:00:46 +0300] "POST / HTTP/1.1" 502 172 "-" "Mozilla/5.0 (Windows NT 10.0; WOW64; Trident/7.0; LCTE; rv:11.0) like Gecko"
108.91.188.210 - - [14/Feb/2017:22:02:46 +0300] "POST / HTTP/1.1" 502 172 "-" "Mozilla/5.0 (Windows NT 10.0; WOW64; Trident/7.0; LCTE; rv:11.0) like Gecko"
108.91.188.210 - - [14/Feb/2017:22:04:46 +0300] "POST / HTTP/1.1" 502 172 "-" "Mozilla/5.0 (Windows NT 10.0; WOW64; Trident/7.0; LCTE; rv:11.0) like Gecko"
108.91.188.210 - - [14/Feb/2017:22:06:47 +0300] "POST / HTTP/1.1" 502 172 "-" "Mozilla/5.0 (Windows NT 10.0; WOW64; Trident/7.0; LCTE; rv:11.0) like Gecko"
95.221.207.34 - - [14/Feb/2017:22:07:06 +0300] "GET /index HTTP/1.1" 200 592 "http://xn--80aehba2avhs.xn--p1acf/login" "Mozilla/5.0 (Windows NT 10.0; WOW64) AppleWebKit/537.36 (KHTML, like Gecko) Chrome/58.0.3004.3 Safari/537.36"
95.221.207.34 - - [14/Feb/2017:22:07:06 +0300] "GET /static/css/index.css HTTP/1.1" 200 4377 "http://xn--80aehba2avhs.xn--p1acf/index" "Mozilla/5.0 (Windows NT 10.0; WOW64) AppleWebKit/537.36 (KHTML, like Gecko) Chrome/58.0.3004.3 Safari/537.36"
95.221.207.34 - - [14/Feb/2017:22:07:06 +0300] "GET /static/img/logo.png HTTP/1.1" 200 642066 "http://xn--80aehba2avhs.xn--p1acf/index" "Mozilla/5.0 (Windows NT 10.0; WOW64) AppleWebKit/537.36 (KHTML, like Gecko) Chrome/58.0.3004.3 Safari/537.36"
95.221.207.34 - - [14/Feb/2017:22:07:06 +0300] "GET /favicon.ico HTTP/1.1" 404 209 "http://xn--80aehba2avhs.xn--p1acf/index" "Mozilla/5.0 (Windows NT 10.0; WOW64) AppleWebKit/537.36 (KHTML, like Gecko) Chrome/58.0.3004.3 Safari/537.36"
95.221.207.34 - - [14/Feb/2017:22:07:08 +0300] "GET /numbers HTTP/1.1" 500 291 "http://xn--80aehba2avhs.xn--p1acf/index" "Mozilla/5.0 (Windows NT 10.0; WOW64) AppleWebKit/537.36 (KHTML, like Gecko) Chrome/58.0.3004.3 Safari/537.36"
95.221.207.34 - - [14/Feb/2017:22:08:22 +0300] "GET /index HTTP/1.1" 200 592 "http://xn--80aehba2avhs.xn--p1acf/login" "Mozilla/5.0 (Windows NT 10.0; WOW64) AppleWebKit/537.36 (KHTML, like Gecko) Chrome/58.0.3004.3 Safari/537.36"
95.221.207.34 - - [14/Feb/2017:22:08:22 +0300] "GET /static/css/index.css HTTP/1.1" 200 4377 "http://xn--80aehba2avhs.xn--p1acf/index" "Mozilla/5.0 (Windows NT 10.0; WOW64) AppleWebKit/537.36 (KHTML, like Gecko) Chrome/58.0.3004.3 Safari/537.36"
95.221.207.34 - - [14/Feb/2017:22:08:22 +0300] "GET /static/img/logo.png HTTP/1.1" 200 642066 "http://xn--80aehba2avhs.xn--p1acf/index" "Mozilla/5.0 (Windows NT 10.0; WOW64) AppleWebKit/537.36 (KHTML, like Gecko) Chrome/58.0.3004.3 Safari/537.36"
95.221.207.34 - - [14/Feb/2017:22:08:22 +0300] "GET /favicon.ico HTTP/1.1" 404 209 "http://xn--80aehba2avhs.xn--p1acf/index" "Mozilla/5.0 (Windows NT 10.0; WOW64) AppleWebKit/537.36 (KHTML, like Gecko) Chrome/58.0.3004.3 Safari/537.36"
95.221.207.34 - - [14/Feb/2017:22:08:24 +0300] "GET /numbers HTTP/1.1" 200 160 "http://xn--80aehba2avhs.xn--p1acf/index" "Mozilla/5.0 (Windows NT 10.0; WOW64) AppleWebKit/537.36 (KHTML, like Gecko) Chrome/58.0.3004.3 Safari/537.36"
95.221.207.34 - - [14/Feb/2017:22:08:32 +0300] "POST /login HTTP/1.1" 200 160 "http://xn--80aehba2avhs.xn--p1acf/numbers" "Mozilla/5.0 (Windows NT 10.0; WOW64) AppleWebKit/537.36 (KHTML, like Gecko) Chrome/58.0.3004.3 Safari/537.36"
95.221.207.34 - - [14/Feb/2017:22:08:44 +0300] "POST /login HTTP/1.1" 200 232 "http://xn--80aehba2avhs.xn--p1acf/login" "Mozilla/5.0 (Windows NT 10.0; WOW64) AppleWebKit/537.36 (KHTML, like Gecko) Chrome/58.0.3004.3 Safari/537.36"
108.91.188.210 - - [14/Feb/2017:22:08:47 +0300] "POST / HTTP/1.1" 405 178 "-" "Mozilla/5.0 (Windows NT 10.0; WOW64; Trident/7.0; LCTE; rv:11.0) like Gecko"
95.221.207.34 - - [14/Feb/2017:22:08:59 +0300] "POST /login HTTP/1.1" 200 232 "http://xn--80aehba2avhs.xn--p1acf/login" "Mozilla/5.0 (Windows NT 10.0; WOW64) AppleWebKit/537.36 (KHTML, like Gecko) Chrome/58.0.3004.3 Safari/537.36"
95.221.207.34 - - [14/Feb/2017:22:09:03 +0300] "POST /login HTTP/1.1" 200 232 "http://xn--80aehba2avhs.xn--p1acf/login" "Mozilla/5.0 (Windows NT 10.0; WOW64) AppleWebKit/537.36 (KHTML, like Gecko) Chrome/58.0.3004.3 Safari/537.36"
95.221.207.34 - - [14/Feb/2017:22:09:09 +0300] "POST /login HTTP/1.1" 200 232 "http://xn--80aehba2avhs.xn--p1acf/numbers" "Mozilla/5.0 (Windows NT 10.0; WOW64) AppleWebKit/537.36 (KHTML, like Gecko) Chrome/58.0.3004.3 Safari/537.36"
95.221.207.34 - - [14/Feb/2017:22:09:09 +0300] "GET /favicon.ico HTTP/1.1" 404 209 "http://xn--80aehba2avhs.xn--p1acf/login" "Mozilla/5.0 (Windows NT 10.0; WOW64) AppleWebKit/537.36 (KHTML, like Gecko) Chrome/58.0.3004.3 Safari/537.36"
95.221.207.34 - - [14/Feb/2017:22:09:11 +0300] "GET /index HTTP/1.1" 200 592 "http://xn--80aehba2avhs.xn--p1acf/login" "Mozilla/5.0 (Windows NT 10.0; WOW64) AppleWebKit/537.36 (KHTML, like Gecko) Chrome/58.0.3004.3 Safari/537.36"
95.221.207.34 - - [14/Feb/2017:22:09:13 +0300] "GET /index HTTP/1.1" 200 592 "http://xn--80aehba2avhs.xn--p1acf/login" "Mozilla/5.0 (Windows NT 10.0; WOW64) AppleWebKit/537.36 (KHTML, like Gecko) Chrome/58.0.3004.3 Safari/537.36"
95.221.207.34 - - [14/Feb/2017:22:09:13 +0300] "GET /static/css/index.css HTTP/1.1" 200 4377 "http://xn--80aehba2avhs.xn--p1acf/index" "Mozilla/5.0 (Windows NT 10.0; WOW64) AppleWebKit/537.36 (KHTML, like Gecko) Chrome/58.0.3004.3 Safari/537.36"
95.221.207.34 - - [14/Feb/2017:22:09:13 +0300] "GET /static/img/logo.png HTTP/1.1" 200 642066 "http://xn--80aehba2avhs.xn--p1acf/index" "Mozilla/5.0 (Windows NT 10.0; WOW64) AppleWebKit/537.36 (KHTML, like Gecko) Chrome/58.0.3004.3 Safari/537.36"
95.221.207.34 - - [14/Feb/2017:22:09:13 +0300] "GET /favicon.ico HTTP/1.1" 404 209 "http://xn--80aehba2avhs.xn--p1acf/index" "Mozilla/5.0 (Windows NT 10.0; WOW64) AppleWebKit/537.36 (KHTML, like Gecko) Chrome/58.0.3004.3 Safari/537.36"
95.221.207.34 - - [14/Feb/2017:22:09:15 +0300] "GET /numbers HTTP/1.1" 200 8775 "http://xn--80aehba2avhs.xn--p1acf/index" "Mozilla/5.0 (Windows NT 10.0; WOW64) AppleWebKit/537.36 (KHTML, like Gecko) Chrome/58.0.3004.3 Safari/537.36"
95.221.207.34 - - [14/Feb/2017:22:09:17 +0300] "GET /numbers HTTP/1.1" 200 8775 "http://xn--80aehba2avhs.xn--p1acf/numbers" "Mozilla/5.0 (Windows NT 10.0; WOW64) AppleWebKit/537.36 (KHTML, like Gecko) Chrome/58.0.3004.3 Safari/537.36"
95.221.207.34 - - [14/Feb/2017:22:09:18 +0300] "GET /index HTTP/1.1" 200 592 "http://xn--80aehba2avhs.xn--p1acf/numbers" "Mozilla/5.0 (Windows NT 10.0; WOW64) AppleWebKit/537.36 (KHTML, like Gecko) Chrome/58.0.3004.3 Safari/537.36"
95.221.207.34 - - [14/Feb/2017:22:09:19 +0300] "GET /numbers HTTP/1.1" 200 8775 "http://xn--80aehba2avhs.xn--p1acf/index" "Mozilla/5.0 (Windows NT 10.0; WOW64) AppleWebKit/537.36 (KHTML, like Gecko) Chrome/58.0.3004.3 Safari/537.36"
95.221.207.34 - - [14/Feb/2017:22:09:26 +0300] "GET /numbers HTTP/1.1" 200 8775 "http://xn--80aehba2avhs.xn--p1acf/index" "Mozilla/5.0 (Windows NT 10.0; WOW64) AppleWebKit/537.36 (KHTML, like Gecko) Chrome/58.0.3004.3 Safari/537.36"
95.221.207.34 - - [14/Feb/2017:22:09:26 +0300] "GET /static/css/enums.css HTTP/1.1" 200 1298 "http://xn--80aehba2avhs.xn--p1acf/numbers" "Mozilla/5.0 (Windows NT 10.0; WOW64) AppleWebKit/537.36 (KHTML, like Gecko) Chrome/58.0.3004.3 Safari/537.36"
95.221.207.34 - - [14/Feb/2017:22:09:26 +0300] "GET /favicon.ico HTTP/1.1" 404 209 "http://xn--80aehba2avhs.xn--p1acf/numbers" "Mozilla/5.0 (Windows NT 10.0; WOW64) AppleWebKit/537.36 (KHTML, like Gecko) Chrome/58.0.3004.3 Safari/537.36"
108.91.188.210 - - [14/Feb/2017:22:10:48 +0300] "POST / HTTP/1.1" 502 172 "-" "Mozilla/5.0 (Windows NT 10.0; WOW64; Trident/7.0; LCTE; rv:11.0) like Gecko"
95.221.207.34 - - [14/Feb/2017:22:11:41 +0300] "GET / HTTP/1.1" 200 592 "-" "Mozilla/5.0 (Windows NT 10.0; WOW64) AppleWebKit/537.36 (KHTML, like Gecko) Chrome/58.0.3004.3 Safari/537.36"
95.221.207.34 - - [14/Feb/2017:22:11:42 +0300] "GET / HTTP/1.1" 200 592 "-" "Mozilla/5.0 (Windows NT 10.0; WOW64) AppleWebKit/537.36 (KHTML, like Gecko) Chrome/58.0.3004.3 Safari/537.36"
95.221.207.34 - - [14/Feb/2017:22:11:42 +0300] "GET /static/css/index.css HTTP/1.1" 200 4377 "http://xn--80aehba2avhs.xn--p1acf/" "Mozilla/5.0 (Windows NT 10.0; WOW64) AppleWebKit/537.36 (KHTML, like Gecko) Chrome/58.0.3004.3 Safari/537.36"
95.221.207.34 - - [14/Feb/2017:22:11:42 +0300] "GET /static/img/logo.png HTTP/1.1" 200 642066 "http://xn--80aehba2avhs.xn--p1acf/" "Mozilla/5.0 (Windows NT 10.0; WOW64) AppleWebKit/537.36 (KHTML, like Gecko) Chrome/58.0.3004.3 Safari/537.36"
95.221.207.34 - - [14/Feb/2017:22:11:43 +0300] "GET /favicon.ico HTTP/1.1" 404 209 "http://xn--80aehba2avhs.xn--p1acf/" "Mozilla/5.0 (Windows NT 10.0; WOW64) AppleWebKit/537.36 (KHTML, like Gecko) Chrome/58.0.3004.3 Safari/537.36"
95.221.207.34 - - [14/Feb/2017:22:11:44 +0300] "GET /numbers HTTP/1.1" 200 160 "http://xn--80aehba2avhs.xn--p1acf/" "Mozilla/5.0 (Windows NT 10.0; WOW64) AppleWebKit/537.36 (KHTML, like Gecko) Chrome/58.0.3004.3 Safari/537.36"
95.221.207.34 - - [14/Feb/2017:22:11:49 +0300] "POST /login HTTP/1.1" 200 160 "http://xn--80aehba2avhs.xn--p1acf/numbers" "Mozilla/5.0 (Windows NT 10.0; WOW64) AppleWebKit/537.36 (KHTML, like Gecko) Chrome/58.0.3004.3 Safari/537.36"
95.221.207.34 - - [14/Feb/2017:22:11:53 +0300] "POST /login HTTP/1.1" 200 160 "http://xn--80aehba2avhs.xn--p1acf/login" "Mozilla/5.0 (Windows NT 10.0; WOW64) AppleWebKit/537.36 (KHTML, like Gecko) Chrome/58.0.3004.3 Safari/537.36"
95.221.207.34 - - [14/Feb/2017:22:12:07 +0300] "POST /login HTTP/1.1" 200 64 "http://xn--80aehba2avhs.xn--p1acf/login" "Mozilla/5.0 (Windows NT 10.0; WOW64) AppleWebKit/537.36 (KHTML, like Gecko) Chrome/58.0.3004.3 Safari/537.36"
108.91.188.210 - - [14/Feb/2017:22:12:48 +0300] "POST / HTTP/1.1" 405 178 "-" "Mozilla/5.0 (Windows NT 10.0; WOW64; Trident/7.0; LCTE; rv:11.0) like Gecko"
108.91.188.210 - - [14/Feb/2017:22:14:48 +0300] "POST / HTTP/1.1" 502 172 "-" "Mozilla/5.0 (Windows NT 10.0; WOW64; Trident/7.0; LCTE; rv:11.0) like Gecko"
108.91.188.210 - - [14/Feb/2017:22:16:49 +0300] "POST / HTTP/1.1" 502 172 "-" "Mozilla/5.0 (Windows NT 10.0; WOW64; Trident/7.0; LCTE; rv:11.0) like Gecko"
95.221.207.34 - - [14/Feb/2017:22:18:42 +0300] "GET / HTTP/1.1" 200 592 "-" "Mozilla/5.0 (Windows NT 10.0; WOW64) AppleWebKit/537.36 (KHTML, like Gecko) Chrome/58.0.3004.3 Safari/537.36"
95.221.207.34 - - [14/Feb/2017:22:18:44 +0300] "GET / HTTP/1.1" 200 592 "-" "Mozilla/5.0 (Windows NT 10.0; WOW64) AppleWebKit/537.36 (KHTML, like Gecko) Chrome/58.0.3004.3 Safari/537.36"
95.221.207.34 - - [14/Feb/2017:22:18:44 +0300] "GET /static/css/index.css HTTP/1.1" 200 4377 "http://xn--80aehba2avhs.xn--p1acf/" "Mozilla/5.0 (Windows NT 10.0; WOW64) AppleWebKit/537.36 (KHTML, like Gecko) Chrome/58.0.3004.3 Safari/537.36"
95.221.207.34 - - [14/Feb/2017:22:18:44 +0300] "GET /static/img/logo.png HTTP/1.1" 200 642066 "http://xn--80aehba2avhs.xn--p1acf/" "Mozilla/5.0 (Windows NT 10.0; WOW64) AppleWebKit/537.36 (KHTML, like Gecko) Chrome/58.0.3004.3 Safari/537.36"
95.221.207.34 - - [14/Feb/2017:22:18:44 +0300] "GET /favicon.ico HTTP/1.1" 404 209 "http://xn--80aehba2avhs.xn--p1acf/" "Mozilla/5.0 (Windows NT 10.0; WOW64) AppleWebKit/537.36 (KHTML, like Gecko) Chrome/58.0.3004.3 Safari/537.36"
108.91.188.210 - - [14/Feb/2017:22:18:49 +0300] "POST / HTTP/1.1" 405 178 "-" "Mozilla/5.0 (Windows NT 10.0; WOW64; Trident/7.0; LCTE; rv:11.0) like Gecko"
95.221.207.34 - - [14/Feb/2017:22:19:14 +0300] "GET /login HTTP/1.1" 405 178 "-" "Mozilla/5.0 (Windows NT 10.0; WOW64) AppleWebKit/537.36 (KHTML, like Gecko) Chrome/58.0.3004.3 Safari/537.36"
95.221.207.34 - - [14/Feb/2017:22:19:24 +0300] "GET /numbers HTTP/1.1" 200 160 "-" "Mozilla/5.0 (Windows NT 10.0; WOW64) AppleWebKit/537.36 (KHTML, like Gecko) Chrome/58.0.3004.3 Safari/537.36"
95.221.207.34 - - [14/Feb/2017:22:19:30 +0300] "POST /login HTTP/1.1" 200 160 "http://xn--80aehba2avhs.xn--p1acf/numbers" "Mozilla/5.0 (Windows NT 10.0; WOW64) AppleWebKit/537.36 (KHTML, like Gecko) Chrome/58.0.3004.3 Safari/537.36"
95.221.207.34 - - [14/Feb/2017:22:19:38 +0300] "POST /login HTTP/1.1" 200 8775 "http://xn--80aehba2avhs.xn--p1acf/login" "Mozilla/5.0 (Windows NT 10.0; WOW64) AppleWebKit/537.36 (KHTML, like Gecko) Chrome/58.0.3004.3 Safari/537.36"
95.221.207.34 - - [14/Feb/2017:22:19:48 +0300] "GET /index HTTP/1.1" 200 592 "http://xn--80aehba2avhs.xn--p1acf/login" "Mozilla/5.0 (Windows NT 10.0; WOW64) AppleWebKit/537.36 (KHTML, like Gecko) Chrome/58.0.3004.3 Safari/537.36"
95.221.207.34 - - [14/Feb/2017:22:19:49 +0300] "GET /numbers HTTP/1.1" 200 8775 "http://xn--80aehba2avhs.xn--p1acf/index" "Mozilla/5.0 (Windows NT 10.0; WOW64) AppleWebKit/537.36 (KHTML, like Gecko) Chrome/58.0.3004.3 Safari/537.36"
95.221.207.34 - - [14/Feb/2017:22:19:50 +0300] "GET /index HTTP/1.1" 200 592 "http://xn--80aehba2avhs.xn--p1acf/numbers" "Mozilla/5.0 (Windows NT 10.0; WOW64) AppleWebKit/537.36 (KHTML, like Gecko) Chrome/58.0.3004.3 Safari/537.36"
108.91.188.210 - - [14/Feb/2017:22:20:50 +0300] "POST / HTTP/1.1" 405 178 "-" "Mozilla/5.0 (Windows NT 10.0; WOW64; Trident/7.0; LCTE; rv:11.0) like Gecko"
108.91.188.210 - - [14/Feb/2017:22:22:51 +0300] "POST / HTTP/1.1" 502 172 "-" "Mozilla/5.0 (Windows NT 10.0; WOW64; Trident/7.0; LCTE; rv:11.0) like Gecko"
95.221.207.34 - - [14/Feb/2017:22:23:15 +0300] "GET /index HTTP/1.1" 200 592 "http://xn--80aehba2avhs.xn--p1acf/numbers" "Mozilla/5.0 (Windows NT 10.0; WOW64) AppleWebKit/537.36 (KHTML, like Gecko) Chrome/58.0.3004.3 Safari/537.36"
95.221.207.34 - - [14/Feb/2017:22:23:15 +0300] "GET /static/css/index.css HTTP/1.1" 200 4377 "http://xn--80aehba2avhs.xn--p1acf/index" "Mozilla/5.0 (Windows NT 10.0; WOW64) AppleWebKit/537.36 (KHTML, like Gecko) Chrome/58.0.3004.3 Safari/537.36"
95.221.207.34 - - [14/Feb/2017:22:23:15 +0300] "GET /static/img/logo.png HTTP/1.1" 200 642066 "http://xn--80aehba2avhs.xn--p1acf/index" "Mozilla/5.0 (Windows NT 10.0; WOW64) AppleWebKit/537.36 (KHTML, like Gecko) Chrome/58.0.3004.3 Safari/537.36"
95.221.207.34 - - [14/Feb/2017:22:23:15 +0300] "GET /favicon.ico HTTP/1.1" 404 209 "http://xn--80aehba2avhs.xn--p1acf/index" "Mozilla/5.0 (Windows NT 10.0; WOW64) AppleWebKit/537.36 (KHTML, like Gecko) Chrome/58.0.3004.3 Safari/537.36"
95.221.207.34 - - [14/Feb/2017:22:23:17 +0300] "GET /numbers HTTP/1.1" 200 160 "http://xn--80aehba2avhs.xn--p1acf/index" "Mozilla/5.0 (Windows NT 10.0; WOW64) AppleWebKit/537.36 (KHTML, like Gecko) Chrome/58.0.3004.3 Safari/537.36"
95.221.207.34 - - [14/Feb/2017:22:23:26 +0300] "POST /login HTTP/1.1" 200 8775 "http://xn--80aehba2avhs.xn--p1acf/numbers" "Mozilla/5.0 (Windows NT 10.0; WOW64) AppleWebKit/537.36 (KHTML, like Gecko) Chrome/58.0.3004.3 Safari/537.36"
95.221.207.34 - - [14/Feb/2017:22:23:31 +0300] "GET /numbers HTTP/1.1" 200 8775 "http://xn--80aehba2avhs.xn--p1acf/login" "Mozilla/5.0 (Windows NT 10.0; WOW64) AppleWebKit/537.36 (KHTML, like Gecko) Chrome/58.0.3004.3 Safari/537.36"
95.221.207.34 - - [14/Feb/2017:22:23:32 +0300] "GET /index HTTP/1.1" 200 592 "http://xn--80aehba2avhs.xn--p1acf/numbers" "Mozilla/5.0 (Windows NT 10.0; WOW64) AppleWebKit/537.36 (KHTML, like Gecko) Chrome/58.0.3004.3 Safari/537.36"
95.221.207.34 - - [14/Feb/2017:22:23:41 +0300] "GET /logout HTTP/1.1" 200 592 "-" "Mozilla/5.0 (Windows NT 10.0; WOW64) AppleWebKit/537.36 (KHTML, like Gecko) Chrome/58.0.3004.3 Safari/537.36"
95.221.207.34 - - [14/Feb/2017:22:23:44 +0300] "GET /numbers HTTP/1.1" 200 160 "http://xn--80aehba2avhs.xn--p1acf/logout" "Mozilla/5.0 (Windows NT 10.0; WOW64) AppleWebKit/537.36 (KHTML, like Gecko) Chrome/58.0.3004.3 Safari/537.36"
108.91.188.210 - - [14/Feb/2017:22:24:52 +0300] "POST / HTTP/1.1" 502 172 "-" "Mozilla/5.0 (Windows NT 10.0; WOW64; Trident/7.0; LCTE; rv:11.0) like Gecko"
108.91.188.210 - - [14/Feb/2017:22:26:52 +0300] "POST / HTTP/1.1" 502 172 "-" "Mozilla/5.0 (Windows NT 10.0; WOW64; Trident/7.0; LCTE; rv:11.0) like Gecko"
108.91.188.210 - - [14/Feb/2017:22:28:53 +0300] "POST / HTTP/1.1" 502 172 "-" "Mozilla/5.0 (Windows NT 10.0; WOW64; Trident/7.0; LCTE; rv:11.0) like Gecko"
108.91.188.210 - - [14/Feb/2017:22:30:53 +0300] "POST / HTTP/1.1" 502 172 "-" "Mozilla/5.0 (Windows NT 10.0; WOW64; Trident/7.0; LCTE; rv:11.0) like Gecko"
108.91.188.210 - - [14/Feb/2017:22:32:54 +0300] "POST / HTTP/1.1" 502 172 "-" "Mozilla/5.0 (Windows NT 10.0; WOW64; Trident/7.0; LCTE; rv:11.0) like Gecko"
108.91.188.210 - - [14/Feb/2017:22:34:54 +0300] "POST / HTTP/1.1" 502 172 "-" "Mozilla/5.0 (Windows NT 10.0; WOW64; Trident/7.0; LCTE; rv:11.0) like Gecko"
95.221.207.34 - - [14/Feb/2017:22:36:29 +0300] "GET /logout HTTP/1.1" 200 592 "-" "Mozilla/5.0 (Windows NT 10.0; WOW64) AppleWebKit/537.36 (KHTML, like Gecko) Chrome/58.0.3004.3 Safari/537.36"
95.221.207.34 - - [14/Feb/2017:22:36:29 +0300] "GET /static/css/index.css HTTP/1.1" 200 4377 "http://xn--80aehba2avhs.xn--p1acf/logout" "Mozilla/5.0 (Windows NT 10.0; WOW64) AppleWebKit/537.36 (KHTML, like Gecko) Chrome/58.0.3004.3 Safari/537.36"
95.221.207.34 - - [14/Feb/2017:22:36:29 +0300] "GET /static/img/logo.png HTTP/1.1" 200 642066 "http://xn--80aehba2avhs.xn--p1acf/logout" "Mozilla/5.0 (Windows NT 10.0; WOW64) AppleWebKit/537.36 (KHTML, like Gecko) Chrome/58.0.3004.3 Safari/537.36"
95.221.207.34 - - [14/Feb/2017:22:36:29 +0300] "GET /favicon.ico HTTP/1.1" 404 209 "http://xn--80aehba2avhs.xn--p1acf/logout" "Mozilla/5.0 (Windows NT 10.0; WOW64) AppleWebKit/537.36 (KHTML, like Gecko) Chrome/58.0.3004.3 Safari/537.36"
95.221.207.34 - - [14/Feb/2017:22:36:31 +0300] "GET /numbers HTTP/1.1" 200 232 "http://xn--80aehba2avhs.xn--p1acf/logout" "Mozilla/5.0 (Windows NT 10.0; WOW64) AppleWebKit/537.36 (KHTML, like Gecko) Chrome/58.0.3004.3 Safari/537.36"
95.221.207.34 - - [14/Feb/2017:22:36:33 +0300] "GET /index HTTP/1.1" 200 592 "http://xn--80aehba2avhs.xn--p1acf/numbers" "Mozilla/5.0 (Windows NT 10.0; WOW64) AppleWebKit/537.36 (KHTML, like Gecko) Chrome/58.0.3004.3 Safari/537.36"
95.221.207.34 - - [14/Feb/2017:22:36:39 +0300] "GET /admin HTTP/1.1" 200 232 "-" "Mozilla/5.0 (Windows NT 10.0; WOW64) AppleWebKit/537.36 (KHTML, like Gecko) Chrome/58.0.3004.3 Safari/537.36"
95.221.207.34 - - [14/Feb/2017:22:36:42 +0300] "GET /index HTTP/1.1" 200 592 "http://xn--80aehba2avhs.xn--p1acf/admin" "Mozilla/5.0 (Windows NT 10.0; WOW64) AppleWebKit/537.36 (KHTML, like Gecko) Chrome/58.0.3004.3 Safari/537.36"
95.221.207.34 - - [14/Feb/2017:22:36:51 +0300] "GET /signin HTTP/1.1" 200 160 "-" "Mozilla/5.0 (Windows NT 10.0; WOW64) AppleWebKit/537.36 (KHTML, like Gecko) Chrome/58.0.3004.3 Safari/537.36"
108.91.188.210 - - [14/Feb/2017:22:36:55 +0300] "POST / HTTP/1.1" 405 178 "-" "Mozilla/5.0 (Windows NT 10.0; WOW64; Trident/7.0; LCTE; rv:11.0) like Gecko"
95.221.207.34 - - [14/Feb/2017:22:37:25 +0300] "POST /login HTTP/1.1" 200 160 "http://xn--80aehba2avhs.xn--p1acf/signin" "Mozilla/5.0 (Windows NT 10.0; WOW64) AppleWebKit/537.36 (KHTML, like Gecko) Chrome/58.0.3004.3 Safari/537.36"
95.221.207.34 - - [14/Feb/2017:22:37:43 +0300] "POST /login HTTP/1.1" 200 160 "http://xn--80aehba2avhs.xn--p1acf/login" "Mozilla/5.0 (Windows NT 10.0; WOW64) AppleWebKit/537.36 (KHTML, like Gecko) Chrome/58.0.3004.3 Safari/537.36"
95.221.207.34 - - [14/Feb/2017:22:38:51 +0300] "GET / HTTP/1.1" 200 592 "-" "Mozilla/5.0 (Windows NT 10.0; WOW64) AppleWebKit/537.36 (KHTML, like Gecko) Chrome/58.0.3004.3 Safari/537.36"
95.221.207.34 - - [14/Feb/2017:22:38:54 +0300] "GET / HTTP/1.1" 200 592 "-" "Mozilla/5.0 (Windows NT 10.0; WOW64) AppleWebKit/537.36 (KHTML, like Gecko) Chrome/58.0.3004.3 Safari/537.36"
95.221.207.34 - - [14/Feb/2017:22:38:54 +0300] "GET /static/css/index.css HTTP/1.1" 200 4377 "http://xn--80aehba2avhs.xn--p1acf/" "Mozilla/5.0 (Windows NT 10.0; WOW64) AppleWebKit/537.36 (KHTML, like Gecko) Chrome/58.0.3004.3 Safari/537.36"
95.221.207.34 - - [14/Feb/2017:22:38:54 +0300] "GET /static/img/logo.png HTTP/1.1" 200 642066 "http://xn--80aehba2avhs.xn--p1acf/" "Mozilla/5.0 (Windows NT 10.0; WOW64) AppleWebKit/537.36 (KHTML, like Gecko) Chrome/58.0.3004.3 Safari/537.36"
95.221.207.34 - - [14/Feb/2017:22:38:54 +0300] "GET /favicon.ico HTTP/1.1" 404 209 "http://xn--80aehba2avhs.xn--p1acf/" "Mozilla/5.0 (Windows NT 10.0; WOW64) AppleWebKit/537.36 (KHTML, like Gecko) Chrome/58.0.3004.3 Safari/537.36"
108.91.188.210 - - [14/Feb/2017:22:38:55 +0300] "POST / HTTP/1.1" 405 178 "-" "Mozilla/5.0 (Windows NT 10.0; WOW64; Trident/7.0; LCTE; rv:11.0) like Gecko"
95.221.207.34 - - [14/Feb/2017:22:39:03 +0300] "GET /signin HTTP/1.1" 200 160 "-" "Mozilla/5.0 (Windows NT 10.0; WOW64) AppleWebKit/537.36 (KHTML, like Gecko) Chrome/58.0.3004.3 Safari/537.36"
95.221.207.34 - - [14/Feb/2017:22:39:15 +0300] "POST /login HTTP/1.1" 200 104 "http://xn--80aehba2avhs.xn--p1acf/signin" "Mozilla/5.0 (Windows NT 10.0; WOW64) AppleWebKit/537.36 (KHTML, like Gecko) Chrome/58.0.3004.3 Safari/537.36"
95.221.207.34 - - [14/Feb/2017:22:39:32 +0300] "GET / HTTP/1.1" 200 592 "-" "Mozilla/5.0 (Windows NT 10.0; WOW64) AppleWebKit/537.36 (KHTML, like Gecko) Chrome/58.0.3004.3 Safari/537.36"
95.221.207.34 - - [14/Feb/2017:22:39:35 +0300] "GET /numbers HTTP/1.1" 200 8775 "http://xn--80aehba2avhs.xn--p1acf/" "Mozilla/5.0 (Windows NT 10.0; WOW64) AppleWebKit/537.36 (KHTML, like Gecko) Chrome/58.0.3004.3 Safari/537.36"
95.221.207.34 - - [14/Feb/2017:22:39:42 +0300] "GET /admin HTTP/1.1" 200 96 "-" "Mozilla/5.0 (Windows NT 10.0; WOW64) AppleWebKit/537.36 (KHTML, like Gecko) Chrome/58.0.3004.3 Safari/537.36"
95.221.207.34 - - [14/Feb/2017:22:39:53 +0300] "GET /signin HTTP/1.1" 200 104 "-" "Mozilla/5.0 (Windows NT 10.0; WOW64) AppleWebKit/537.36 (KHTML, like Gecko) Chrome/58.0.3004.3 Safari/537.36"
95.221.207.34 - - [14/Feb/2017:22:39:54 +0300] "GET /logout HTTP/1.1" 200 592 "http://xn--80aehba2avhs.xn--p1acf/signin" "Mozilla/5.0 (Windows NT 10.0; WOW64) AppleWebKit/537.36 (KHTML, like Gecko) Chrome/58.0.3004.3 Safari/537.36"
108.91.188.210 - - [14/Feb/2017:22:40:56 +0300] "POST / HTTP/1.1" 405 178 "-" "Mozilla/5.0 (Windows NT 10.0; WOW64; Trident/7.0; LCTE; rv:11.0) like Gecko"
108.91.188.210 - - [14/Feb/2017:22:42:56 +0300] "POST / HTTP/1.1" 405 178 "-" "Mozilla/5.0 (Windows NT 10.0; WOW64; Trident/7.0; LCTE; rv:11.0) like Gecko"
